[backblue.gif]
[fade.gif]
[index.html]
[www.teamvyoma.com/images/favicon.png]
[www.teamvyoma.com/images/logo-dark.png]
[www.teamvyoma.com/images/nasa.jpg]
[www.teamvyoma.com/images/portfolio/001.jpg]
[www.teamvyoma.com/images/portfolio/crystal.jpg]
[www.teamvyoma.com/images/portfolio/002.jpg]
[www.teamvyoma.com/images/portfolio/tri.jpg]
[www.teamvyoma.com/images/portfolio/003b.jpg]
[www.teamvyoma.com/images/portfolio/scls.jpg]
[www.teamvyoma.com/images/portfolio/004.jpg]
[www.teamvyoma.com/images/portfolio/gen2.jpg]
[www.teamvyoma.com/images/portfolio/005.jpg]
[www.teamvyoma.com/images/portfolio/006.jpg]
[www.teamvyoma.com/images/portfolio/composite.jpg]
[www.teamvyoma.com/images/portfolio/007.jpg]
[www.teamvyoma.com/images/portfolio/airfoil.jpg]
[www.teamvyoma.com/images/portfolio/008.jpg]
[www.teamvyoma.com/images/portfolio/glass.jpg]
[www.teamvyoma.com/images/portfolio/009.jpg]
[www.teamvyoma.com/images/portfolio/gen1.jpg]
[www.teamvyoma.com/images/portfolio/010.jpg]
[www.teamvyoma.com/images/portfolio/buraq.jpg]
[www.teamvyoma.com/images/portfolio/011.jpg]
[www.teamvyoma.com/images/portfolio/012.jpg]
[www.teamvyoma.com/images/portfolio/013.jpg]
[www.teamvyoma.com/images/portfolio/014.jpg]
[www.teamvyoma.com/images/portfolio/015b.jpg]
[www.teamvyoma.com/images/portfolio/015.jpg]
[www.teamvyoma.com/images/portfolio/bicopter.jpg]
[www.teamvyoma.com/images/portfolio/biplane.jpg]
[www.teamvyoma.com/images/portfolio/017.jpg]
[www.teamvyoma.com/images/clients/logo1.png]
[www.teamvyoma.com/images/clients/logo2.png]
[www.teamvyoma.com/images/clients/logo3.png]
[www.teamvyoma.com/images/clients/logo4.png]
[www.teamvyoma.com/images/clients/logo5.png]
[www.teamvyoma.com/images/team/11.jpg]
[www.teamvyoma.com/images/team/12.jpg]
[www.teamvyoma.com/images/team/13.jpg]
[www.teamvyoma.com/images/team/14.jpg]
[www.teamvyoma.com/images/team/16.jpg]
[www.teamvyoma.com/images/team/17.png]
[www.teamvyoma.com/images/team/18.jpg]
[www.teamvyoma.com/images/team/19.jpg]
[www.teamvyoma.com/images/team/20.jpg]
[www.teamvyoma.com/images/team/21.jpg]
[www.teamvyoma.com/images/team/22.jpg]
[www.teamvyoma.com/images/vyomawhite.png]
[www.teamvyoma.com/index.html]
[www.teamvyoma.com/css/reset.css]
[www.teamvyoma.com/css/animate.min.css]
[www.teamvyoma.com/css/bootstrap.min.css]
[www.teamvyoma.com/css/font-awesome.min.css]
[www.teamvyoma.com/css/owl.carousel.css]
[www.teamvyoma.com/css/socials.css]
[www.teamvyoma.com/css/player/ytp-regular.eot]
[www.teamvyoma.com/css/player/ytp-regular.ttf]
[www.teamvyoma.com/css/player/YTPlayer.css]
[www.teamvyoma.com/css/magnific-popup.css]
[www.teamvyoma.com/images/prettyPhoto/default/sprite.png]
[www.teamvyoma.com/images/prettyPhoto/default/sprite_x.png]
[www.teamvyoma.com/images/prettyPhoto/default/sprite_y.png]
[www.teamvyoma.com/images/prettyPhoto/default/sprite_next.png]
[www.teamvyoma.com/images/prettyPhoto/default/sprite_prev.png]
[www.teamvyoma.com/images/prettyPhoto/default/default_thumb.png]
[www.teamvyoma.com/images/prettyPhoto/default/loader.gif]
[www.teamvyoma.com/images/prettyPhoto/light_rounded/sprite.png]
[www.teamvyoma.com/images/prettyPhoto/light_rounded/btnNext.png]
[www.teamvyoma.com/images/prettyPhoto/light_rounded/btnPrevious.png]
[www.teamvyoma.com/images/prettyPhoto/dark_rounded/sprite.png]
[www.teamvyoma.com/images/prettyPhoto/dark_rounded/contentPattern.png]
[www.teamvyoma.com/images/prettyPhoto/dark_rounded/btnNext.png]
[www.teamvyoma.com/images/prettyPhoto/dark_rounded/btnPrevious.png]
[www.teamvyoma.com/images/prettyPhoto/dark_rounded/loader.gif]
[www.teamvyoma.com/images/prettyPhoto/dark_square/loader.gif]
[www.teamvyoma.com/images/prettyPhoto/dark_square/sprite.png]
[www.teamvyoma.com/images/prettyPhoto/dark_square/btnNext.png]
[www.teamvyoma.com/images/prettyPhoto/dark_square/btnPrevious.png]
[www.teamvyoma.com/images/prettyPhoto/light_square/sprite.png]
[www.teamvyoma.com/images/prettyPhoto/light_square/btnNext.png]
[www.teamvyoma.com/images/prettyPhoto/light_square/btnPrevious.png]
[www.teamvyoma.com/images/prettyPhoto/facebook/sprite.png]
[www.teamvyoma.com/images/prettyPhoto/facebook/contentPatternTop.png]
[www.teamvyoma.com/images/prettyPhoto/facebook/contentPatternLeft.png]
[www.teamvyoma.com/images/prettyPhoto/facebook/contentPatternRight.png]
[www.teamvyoma.com/images/prettyPhoto/facebook/loader.gif]
[www.teamvyoma.com/images/prettyPhoto/facebook/btnNext.png]
[www.teamvyoma.com/images/prettyPhoto/facebook/btnPrevious.png]
[www.teamvyoma.com/images/prettyPhoto/facebook/contentPatternBottom.png]
[www.teamvyoma.com/images/prettyPhoto/facebook/default_thumbnail.gif]
[www.teamvyoma.com/images/prettyPhoto/light_rounded/loader.gif]
[www.teamvyoma.com/css/prettyPhoto.css]
[www.teamvyoma.com/css/scroll.html]
[www.teamvyoma.com/images/pattern-white.png]
[www.teamvyoma.com/images/pattern-black.png]
[www.teamvyoma.com/images/mb1.jpg]
[www.teamvyoma.com/images/slide4.jpg]
[www.teamvyoma.com/images/controls.png]
[www.teamvyoma.com/images/left-litle.png]
[www.teamvyoma.com/images/right-litle.png]
[www.teamvyoma.com/images/left.png]
[www.teamvyoma.com/images/right.png]
[www.teamvyoma.com/images/i1.jpg]
[www.teamvyoma.com/images/list-style.png]
[www.teamvyoma.com/images/mini-plus.png]
[www.teamvyoma.com/images/i2.jpg]
[www.teamvyoma.com/images/left-litle-black.png]
[www.teamvyoma.com/images/right-litle-black.png]
[www.teamvyoma.com/images/i6.jpg]
[www.teamvyoma.com/images/plus.png]
[www.teamvyoma.com/images/loader.gif]
[www.teamvyoma.com/css/style.css]
[www.teamvyoma.com/css/responsive.css]
[www.teamvyoma.com/css/dark.css]
[www.teamvyoma.com/css/colors/red.css]
[www.teamvyoma.com/theme_panel/theme_panel.css]
[www.teamvyoma.com/js/jquery-1.11.0.min.js]
[www.teamvyoma.com/js/bootstrap.min.js]
[www.teamvyoma.com/js/jquery.appear.js]
[www.teamvyoma.com/js/waypoints.min.js]
[www.teamvyoma.com/js/modernizr-latest.js]
[www.teamvyoma.com/js/SmoothScroll.js]
[www.teamvyoma.com/js/jquery.superslides.js]
[www.teamvyoma.com/js/jquery.isotope.js]
[www.teamvyoma.com/js/jquery.parallax-1.1.3.js]
[www.teamvyoma.com/js/jquery.easing.1.3.js]
[www.teamvyoma.com/js/jquery.fitvids.js]
[www.teamvyoma.com/js/jquery.flexslider.js]
[www.teamvyoma.com/js/owl.carousel.js]
[www.teamvyoma.com/js/jquery.mb.YTPlayer.js]
[www.teamvyoma.com/js/jquery.magnific-popup.min.js]
[www.teamvyoma.com/js/jquery.prettyPhoto.js]
[www.teamvyoma.com/js/plugins.js]
[www.teamvyoma.com/theme_panel/theme_panel.js]
[www.teamvyoma.com/fonts/glyphicons-halflings-regular.html]
[www.teamvyoma.com/fonts/glyphicons-halflings-regulard41dd41dd41dd41d.html]
[www.teamvyoma.com/fonts/glyphicons-halflings-regular-2.html]
[www.teamvyoma.com/fonts/glyphicons-halflings-regular-3.html]
[www.teamvyoma.com/fonts/glyphicons-halflings-regular-4.html]
[www.teamvyoma.com/fonts/glyphicons-halflings-regular-5.html]
[www.teamvyoma.com/fonts/fontawesome-webfont3e6e3e6e3e6e.html]
[www.teamvyoma.com/fonts/fontawesome-webfontd41dd41dd41d.html]
[www.teamvyoma.com/fonts/fontawesome-webfont3e6e3e6e3e6e-2.html]
[www.teamvyoma.com/fonts/fontawesome-webfont3e6e3e6e-23e6e.html]
[www.teamvyoma.com/fonts/fontawesome-webfont3e6e3e6e3e6e-3.html]
[www.teamvyoma.com/fonts/fontawesome-webfont3e6e3e6e3e6e-4.html]
[www.teamvyoma.com/css/grabbing.html]
[www.teamvyoma.com/css/images/raster.html]
[www.teamvyoma.com/css/images/raster@2x.html]
[www.teamvyoma.com/images/slide1.html]
[www.teamvyoma.com/images/slide2.html]
[www.teamvyoma.com/images/slide3.html]
[www.teamvyoma.com/images/slide5.html]
[www.teamvyoma.com/images/slide6.html]
[www.teamvyoma.com/images/slide7.html]
[www.teamvyoma.com/images/slide8.html]
[www.teamvyoma.com/images/slide9.html]
[www.teamvyoma.com/images/slide10.html]
[www.teamvyoma.com/images/slide11.html]
[www.teamvyoma.com/images/slide12.html]
[www.teamvyoma.com/images/features-iphone.html]
[www.teamvyoma.com/images/testimonials-1.html]
[www.teamvyoma.com/images/i3.html]
[www.teamvyoma.com/images/i4.html]
[www.teamvyoma.com/images/i5.html]
[www.teamvyoma.com/images/m-slide1.html]
[www.teamvyoma.com/images/m-slide2.html]
[www.teamvyoma.com/images/m-slide3.html]
[www.teamvyoma.com/images/m-slide4.html]
[www.teamvyoma.com/images/b-slide1.html]
[www.teamvyoma.com/images/b-slide2.html]
[www.teamvyoma.com/images/b-slide3.html]
[www.teamvyoma.com/images/b-slide4.html]
[www.teamvyoma.com/images/ipad-air.html]
[www.teamvyoma.com/Popover requires tooltip.html]
[www.teamvyoma.com/index-2.html]
[www.teamvyoma.com/youtu.be/index.html]
